#-----------------------------------------------------------
# Vivado v2019.2 (64-bit)
# SW Build 2708876 on Wed Nov  6 21:40:23 MST 2019
# IP Build 2700528 on Thu Nov  7 00:09:20 MST 2019
# Start of session at: Fri Apr 14 10:12:17 2023
# Process ID: 11796
# Current directory: C:/Users/81802/Desktop/PAPILLON_FW/PAPILLON_v2023
# Command line: vivado.exe -gui_launcher_event rodinguilauncherevent3272 C:\Users\81802\Desktop\PAPILLON_FW\PAPILLON_v2023\PAPILLON_v2023.xpr
# Log file: C:/Users/81802/Desktop/PAPILLON_FW/PAPILLON_v2023/vivado.log
# Journal file: C:/Users/81802/Desktop/PAPILLON_FW/PAPILLON_v2023\vivado.jou
#-----------------------------------------------------------
start_gui
open_project C:/Users/81802/Desktop/PAPILLON_FW/PAPILLON_v2023/PAPILLON_v2023.xpr
update_compile_order -fileset sources_1
launch_simulation
open_wave_config C:/Users/81802/Desktop/PAPILLON_FW/PAPILLON_v2023/PAPILLON_v2023.srcs/sim_1/imports/PAPILLON_v4raw/ADC_SiTCP_RAW_TB_behav.wcfg
source ADC_SiTCP_RAW_TB.tcl
relaunch_sim
run all
relaunch_sim
run all
relaunch_sim
run all
relaunch_sim
run all
save_wave_config {C:/Users/81802/Desktop/PAPILLON_FW/PAPILLON_v2023/PAPILLON_v2023.srcs/sim_1/imports/PAPILLON_v4raw/ADC_SiTCP_RAW_TB_behav.wcfg}
relaunch_sim
run all
close_sim
launch_simulation
open_wave_config C:/Users/81802/Desktop/PAPILLON_FW/PAPILLON_v2023/PAPILLON_v2023.srcs/sim_1/imports/PAPILLON_v4raw/ADC_SiTCP_RAW_TB_behav.wcfg
source ADC_SiTCP_RAW_TB.tcl
run all
run all
relaunch_sim
close_sim
launch_simulation
open_wave_config C:/Users/81802/Desktop/PAPILLON_FW/PAPILLON_v2023/PAPILLON_v2023.srcs/sim_1/imports/PAPILLON_v4raw/ADC_SiTCP_RAW_TB_behav.wcfg
source ADC_SiTCP_RAW_TB.tcl
run all
save_wave_config {C:/Users/81802/Desktop/PAPILLON_FW/PAPILLON_v2023/PAPILLON_v2023.srcs/sim_1/imports/PAPILLON_v4raw/ADC_SiTCP_RAW_TB_behav.wcfg}
close_sim
launch_simulation
open_wave_config C:/Users/81802/Desktop/PAPILLON_FW/PAPILLON_v2023/PAPILLON_v2023.srcs/sim_1/imports/PAPILLON_v4raw/ADC_SiTCP_RAW_TB_behav.wcfg
source ADC_SiTCP_RAW_TB.tcl
run all
close_sim
launch_simulation
open_wave_config C:/Users/81802/Desktop/PAPILLON_FW/PAPILLON_v2023/PAPILLON_v2023.srcs/sim_1/imports/PAPILLON_v4raw/ADC_SiTCP_RAW_TB_behav.wcfg
source ADC_SiTCP_RAW_TB.tcl
run all
close_sim
launch_simulation
open_wave_config C:/Users/81802/Desktop/PAPILLON_FW/PAPILLON_v2023/PAPILLON_v2023.srcs/sim_1/imports/PAPILLON_v4raw/ADC_SiTCP_RAW_TB_behav.wcfg
source ADC_SiTCP_RAW_TB.tcl
run all
close_sim
launch_simulation
open_wave_config C:/Users/81802/Desktop/PAPILLON_FW/PAPILLON_v2023/PAPILLON_v2023.srcs/sim_1/imports/PAPILLON_v4raw/ADC_SiTCP_RAW_TB_behav.wcfg
source ADC_SiTCP_RAW_TB.tcl
close_sim
launch_simulation
open_wave_config C:/Users/81802/Desktop/PAPILLON_FW/PAPILLON_v2023/PAPILLON_v2023.srcs/sim_1/imports/PAPILLON_v4raw/ADC_SiTCP_RAW_TB_behav.wcfg
source ADC_SiTCP_RAW_TB.tcl
run all
close_sim
reset_run synth_1
launch_runs synth_1 -jobs 12
wait_on_run synth_1
launch_runs impl_1 -jobs 12
wait_on_run impl_1
launch_runs impl_1 -to_step write_bitstream -jobs 12
wait_on_run impl_1
reset_run synth_1
launch_runs synth_1 -jobs 12
wait_on_run synth_1
launch_runs impl_1 -jobs 12
wait_on_run impl_1
launch_runs impl_1 -to_step write_bitstream -jobs 12
wait_on_run impl_1
reset_run synth_1
launch_runs synth_1 -jobs 12
wait_on_run synth_1
launch_runs impl_1 -jobs 12
wait_on_run impl_1
reset_run synth_1
launch_runs synth_1 -jobs 12
wait_on_run synth_1
reset_run synth_1
launch_runs synth_1 -jobs 12
wait_on_run synth_1
launch_runs impl_1 -jobs 12
wait_on_run impl_1
launch_runs impl_1 -to_step write_bitstream -jobs 12
wait_on_run impl_1
launch_simulation
open_wave_config C:/Users/81802/Desktop/PAPILLON_FW/PAPILLON_v2023/PAPILLON_v2023.srcs/sim_1/imports/PAPILLON_v4raw/ADC_SiTCP_RAW_TB_behav.wcfg
source ADC_SiTCP_RAW_TB.tcl
run all
close_sim
reset_run synth_1
launch_runs synth_1 -jobs 12
wait_on_run synth_1
launch_runs impl_1 -jobs 12
wait_on_run impl_1
reset_run synth_1
launch_runs synth_1 -jobs 12
wait_on_run synth_1
launch_runs impl_1 -jobs 12
wait_on_run impl_1
launch_runs impl_1 -to_step write_bitstream -jobs 12
wait_on_run impl_1
reset_run synth_1
launch_runs synth_1 -jobs 12
wait_on_run synth_1
launch_runs impl_1 -jobs 12
wait_on_run impl_1
launch_runs impl_1 -to_step write_bitstream -jobs 12
wait_on_run impl_1
